D:\mrz\LB4V3\Logical\Global.typ
D:\mrz\LB4V3\Logical\Global.var
D:\mrz\LB4V3\Logical\Libraries\Runtime\runtime.fun
D:\mrz\LB4V3\Logical\Libraries\Runtime\runtime.typ
D:\mrz\LB4V3\Logical\Libraries\Runtime\runtime.var
D:\mrz\LB4V3\Logical\Libraries\Operator\operator.fun
D:\mrz\LB4V3\Logical\Libraries\Operator\operator.typ
D:\mrz\LB4V3\Logical\Libraries\Operator\operator.var
D:\mrz\LB4V3\Logical\Libraries\AsIecCon\AsIecCon.fun
D:\mrz\LB4V3\Logical\Libraries\AsIecCon\AsIecCon.typ
D:\mrz\LB4V3\Logical\Libraries\AsIecCon\AsIecCon.var
D:\mrz\LB4V3\Logical\Libraries\astime\astime.fun
D:\mrz\LB4V3\Logical\Libraries\astime\astime.typ
D:\mrz\LB4V3\Logical\Libraries\astime\astime.var
D:\mrz\LB4V3\Logical\Libraries\asstring\asstring.fun
D:\mrz\LB4V3\Logical\Libraries\asstring\asstring.typ
D:\mrz\LB4V3\Logical\Libraries\asstring\asstring.var
D:\mrz\LB4V3\Logical\Libraries\AsIOTime\AsIOTime.fun
D:\mrz\LB4V3\Logical\Libraries\AsIOTime\AsIOTime.typ
D:\mrz\LB4V3\Logical\Libraries\AsIOTime\AsIOTime.var
D:\mrz\LB4V3\Logical\Libraries\brsystem\brsystem.fun
D:\mrz\LB4V3\Logical\Libraries\brsystem\brsystem.typ
D:\mrz\LB4V3\Logical\Libraries\brsystem\brsystem.var
D:\mrz\LB4V3\Logical\Libraries\sys_lib\sys_lib.fun
D:\mrz\LB4V3\Logical\Libraries\sys_lib\sys_lib.typ
D:\mrz\LB4V3\Logical\Libraries\sys_lib\sys_lib.var
D:\mrz\LB4V3\Logical\Libraries\Library\Library.fun
D:\mrz\LB4V3\Logical\Libraries\AsMath\AsMath.fun
D:\mrz\LB4V3\Logical\Libraries\AsMath\AsMath.typ
D:\mrz\LB4V3\Logical\Libraries\AsMath\AsMath.var
D:\mrz\LB4V3\Logical\Libraries\DataObj\DataObj.fun
D:\mrz\LB4V3\Logical\Libraries\DataObj\DataObj.typ
D:\mrz\LB4V3\Logical\Libraries\DataObj\DataObj.var
D:\mrz\LB4V3\Logical\Libraries\AsArLog\AsArLog.fun
D:\mrz\LB4V3\Logical\Libraries\AsArLog\AsArLog.typ
D:\mrz\LB4V3\Logical\Libraries\AsArLog\AsArLog.var
D:\mrz\LB4V3\Logical\Libraries\FileIO\FileIO.fun
D:\mrz\LB4V3\Logical\Libraries\FileIO\FileIO.typ
D:\mrz\LB4V3\Logical\Libraries\FileIO\FileIO.var
D:\mrz\LB4V3\Logical\Libraries\AsArProf\AsArProf.fun
D:\mrz\LB4V3\Logical\Libraries\AsArProf\AsArProf.typ
D:\mrz\LB4V3\Logical\Libraries\AsArProf\AsArProf.var
D:\mrz\LB4V3\Logical\Libraries\AsMem\AsMem.fun
D:\mrz\LB4V3\Logical\Libraries\AsMem\AsMem.typ
D:\mrz\LB4V3\Logical\Libraries\AsMem\AsMem.var
D:\mrz\LB4V3\Logical\Libraries\Acp10man\Acp10man.typ
D:\mrz\LB4V3\Logical\Libraries\Acp10par\Acp10par.var
D:\mrz\LB4V3\Logical\Libraries\NcGlobal\NcGlobal.fun
D:\mrz\LB4V3\Logical\Libraries\NcGlobal\NcGlobal.typ
D:\mrz\LB4V3\Logical\Libraries\NcGlobal\NcGlobal.var
D:\mrz\LB4V3\Logical\Libraries\Acp10sim\acp10sim.var
D:\mrz\LB4V3\Logical\Libraries\Acp10sim\acp10sim.typ
D:\mrz\LB4V3\Logical\Libraries\Acp10_MC\acp10_mc.fun
D:\mrz\LB4V3\Logical\Libraries\Acp10_MC\acp10_mc.typ
D:\mrz\LB4V3\Logical\Libraries\Acp10_MC\acp10_mc.var
D:\mrz\LB4V3\Logical\Libraries\Acp10sdc\acp10sdc.var
D:\mrz\LB4V3\Logical\Libraries\Acp10sdc\acp10sdc.typ
D:\mrz\LB4V3\Logical\Libraries\Arnc0man\arnc0man.typ
D:\mrz\LB4V3\Logical\Types.typ
